// Jest Snapshot v1, https://goo.gl/fbAQLP

exports[`test snapshop should render Calculator 1`] = `
<div
  className="calculator"
>
  <input
    className="calculator-display"
    readOnly={true}
    type="text"
    value="0"
  />
  <div
    className="calculator-buttons"
  >
    <button
      className=""
      onClick={[Function]}
      type="button"
    >
      AC
    </button>
    <button
      className=""
      onClick={[Function]}
      type="button"
    >
      +/-
    </button>
    <button
      className=""
      onClick={[Function]}
      type="button"
    >
      %
    </button>
    <button
      className="orange"
      onClick={[Function]}
      type="button"
    >
      รท
    </button>
    <button
      className=""
      onClick={[Function]}
      type="button"
    >
      7
    </button>
    <button
      className=""
      onClick={[Function]}
      type="button"
    >
      8
    </button>
    <button
      className=""
      onClick={[Function]}
      type="button"
    >
      9
    </button>
    <button
      className="orange"
      onClick={[Function]}
      type="button"
    >
      x
    </button>
    <button
      className=""
      onClick={[Function]}
      type="button"
    >
      4
    </button>
    <button
      className=""
      onClick={[Function]}
      type="button"
    >
      5
    </button>
    <button
      className=""
      onClick={[Function]}
      type="button"
    >
      6
    </button>
    <button
      className="orange"
      onClick={[Function]}
      type="button"
    >
      -
    </button>
    <button
      className=""
      onClick={[Function]}
      type="button"
    >
      1
    </button>
    <button
      className=""
      onClick={[Function]}
      type="button"
    >
      2
    </button>
    <button
      className=""
      onClick={[Function]}
      type="button"
    >
      3
    </button>
    <button
      className="orange"
      onClick={[Function]}
      type="button"
    >
      +
    </button>
    <button
      className="btn0"
      onClick={[Function]}
      type="button"
    >
      0
    </button>
    <button
      className=""
      onClick={[Function]}
      type="button"
    >
      .
    </button>
    <button
      className="orange"
      onClick={[Function]}
      type="button"
    >
      =
    </button>
  </div>
</div>
`;
